// Jest Snapshot v1, https://goo.gl/fbAQLP

exports[`<Header /> Deve renderizar o componente <Header /> 1`] = `
<header
  class="sc-aXZVg gVMoWF"
>
  <ul
    class="sc-gEvEer jLNiZJ"
  >
    <nav
      class="sc-imWYAI gSMjWi"
    >
      <div
        class="sc-eqUAAy eHkZQC"
      >
        <ul
          class="sc-dhKdcB jnPAhh"
        >
          <li
            class="sc-kpDqfm LMIgJ"
          >
            <a
              aria-selected="true"
              class="sc-dAlyuH dlQiGM"
            >
              Home
            </a>
          </li>
          <li
            class="sc-kpDqfm ecjKhh"
          >
            <a
              aria-selected="false"
              class="sc-dAlyuH dlQiGM"
            >
              Sobre
            </a>
          </li>
          <li
            class="sc-kpDqfm ecjKhh"
          >
            <a
              aria-selected="false"
              class="sc-dAlyuH dlQiGM"
            >
              Serviços
            </a>
          </li>
        </ul>
      </div>
      <div
        class="sc-fqkvVR cOMnGN"
        color="white"
      >
        <svg
          aria-label="98Barbershop"
          role="img"
          viewBox="0 0 168.27 141.21"
          xmlns="http://www.w3.org/2000/svg"
        >
          <g>
            <path
              d="M43.89 5H80.7c2.59 0 9.4 0 9.4 7.62 0 1.14 0 2.27-24.64 117.24-2.46 11.35-10.71 11.35-13.62 11.35H6.76A2.57 2.57 0 0 1 4 138.78c0-.16.16-.49 3.24-15.24a4.15 4.15 0 0 1 3.89-3.25h30.65l5-23.83H24.59c-2.59 0-9.4 0-9.4-7.63 0-1.13.16-2.27 14.92-72.48C32.54 5 41 5 43.89 5Zm10.22 20.92L43.4 75.7h7.79l10.7-49.78ZM158.86 5c2.6 0 9.41 0 9.41 7.62 0 1.14-.17 2.27-9.9 48.32-2.43 11.35-10.54 11.35-13.45 11.35l-.17.82c2.6 0 9.08 0 9.08 7.45 0 1.14-.16 2.44-10.05 49.3-2.43 11.35-10.86 11.35-13.78 11.35H92.7c-2.59 0-9.57 0-9.57-7.62 0-1.14.17-2.27 10.22-49.13 2.43-11.35 10.54-11.35 13.46-11.35l.16-.82c-2.59 0-9.08 0-9.08-7.45 0-1.14.16-2.44 9.89-48.49C110.21 5 118.65 5 121.57 5Zm-47.35 115.29h7.78l7.79-36.81h-7.79Zm12.16-57.56h7.79l7.94-36.81h-7.78Z"
              fill="currentColor"
            />
          </g>
          <g>
            <path
              d="M40.89 1H77.7c2.59 0 9.4 0 9.4 7.62 0 1.14 0 2.27-24.64 117.24-2.46 11.35-10.71 11.35-13.62 11.35H3.76A2.57 2.57 0 0 1 1 134.78c0-.16.16-.49 3.24-15.24a4.15 4.15 0 0 1 3.89-3.25h30.65l5-23.83H21.59c-2.59 0-9.4 0-9.4-7.63 0-1.13.16-2.27 14.92-72.48C29.54 1 38 1 40.89 1Zm10.22 20.92L40.4 71.7h7.79l10.7-49.78ZM155.86 1c2.6 0 9.41 0 9.41 7.62 0 1.14-.17 2.27-9.9 48.32-2.43 11.35-10.54 11.35-13.45 11.35l-.17.82c2.6 0 9.08 0 9.08 7.45 0 1.14-.16 2.44-10.05 49.3-2.43 11.35-10.86 11.35-13.78 11.35H89.7c-2.59 0-9.57 0-9.57-7.62 0-1.14.17-2.27 10.22-49.13 2.43-11.35 10.54-11.35 13.46-11.35l.16-.82c-2.59 0-9.08 0-9.08-7.45 0-1.14.16-2.44 9.89-48.49C107.21 1 115.65 1 118.57 1Zm-47.35 115.29h7.78l7.79-36.81h-7.79Zm12.16-57.56h7.79l7.94-36.81h-7.78Z"
              fill="none"
              stroke="#1affea"
              stroke-width="2px"
            />
          </g>
        </svg>
      </div>
      <div
        class="sc-eqUAAy eHkZQC"
      >
        <ul
          class="sc-dhKdcB jnPAhh"
        >
          <li
            class="sc-kpDqfm ecjKhh"
          >
            <a
              aria-selected="false"
              class="sc-dAlyuH dlQiGM"
            >
              Equipe
            </a>
          </li>
          <li
            class="sc-kpDqfm ecjKhh"
          >
            <a
              aria-selected="false"
              class="sc-dAlyuH dlQiGM"
            >
              Avaliações
            </a>
          </li>
          <li
            class="sc-kpDqfm ecjKhh"
          >
            <a
              aria-selected="false"
              class="sc-dAlyuH dlQiGM"
            >
              FeedBack
            </a>
          </li>
        </ul>
        <span
          aria-label="Line"
          class="sc-jXbUNg dzUkkz"
          style="width: 20px; transform: translateX(-10px);"
        />
      </div>
    </nav>
    <div
      class="sc-eqUAAy csEFsZ"
    >
      <div
        aria-label="Abrir e Fechar"
        class="hamburger-react"
        role="button"
        style="cursor: pointer; height: 48px; position: relative; transition: 0.4s ease-out; user-select: none; width: 48px; outline: none; transform: none;"
        tabindex="0"
      >
        <div
          style="background: rgb(255, 255, 255); height: 3px; left: 9px; position: absolute; border-radius: 9em; width: 30px; top: 13px; transition: 0.4s ease-out; transform: none;"
        />
        <div
          style="background: rgb(255, 255, 255); height: 3px; left: 9px; position: absolute; border-radius: 9em; width: 30px; top: 23px; transition: 0.4s ease-out; transform: none;"
        />
        <div
          style="background: rgb(255, 255, 255); height: 3px; left: 9px; position: absolute; border-radius: 9em; width: 30px; top: 33px; transition: 0.4s ease-out; transform: none;"
        />
      </div>
      <div
        aria-hidden="true"
        aria-label="Menu Full"
        class="sc-dcJsrY ANQVe"
      >
        <ul
          class="sc-iGgWBj eQBGGc"
        >
          <li
            class="sc-gsFSXq cYtJOG"
          >
            <a
              aria-label="Home"
              class="sc-kAyceB kTbWkI"
            >
              Home
            </a>
          </li>
          <li
            class="sc-gsFSXq esgVQO"
          >
            <a
              aria-label="Sobre"
              class="sc-kAyceB kTbWkI"
            >
              Sobre
            </a>
          </li>
          <li
            class="sc-gsFSXq esgVQO"
          >
            <a
              aria-label="Serviços"
              class="sc-kAyceB kTbWkI"
            >
              Serviços
            </a>
          </li>
          <li
            class="sc-gsFSXq esgVQO"
          >
            <a
              aria-label="Equipe"
              class="sc-kAyceB kTbWkI"
            >
              Equipe
            </a>
          </li>
          <li
            class="sc-gsFSXq esgVQO"
          >
            <a
              aria-label="Opinião"
              class="sc-kAyceB kTbWkI"
            >
              Avaliações
            </a>
          </li>
          <li
            class="sc-gsFSXq esgVQO"
          >
            <a
              aria-label="FeedBack"
              class="sc-kAyceB kTbWkI"
            >
              FeedBack
            </a>
          </li>
        </ul>
      </div>
    </div>
  </ul>
</header>
`;
