// Jest Snapshot v1, https://goo.gl/fbAQLP

exports[`<MainServices /> Deve renderizar o componente <MainServices /> 1`] = `
<div
  class="sc-cwHptR bxzPrs"
>
  <div
    aria-label="Background"
    class="sc-gEvEer febNQO"
    src="/assets/img/slide-4.jpg"
  >
    <svg
      class="sc-eqUAAy eHEzHy"
      viewBox="0 0 50 19"
      xmlns="http://www.w3.org/2000/svg"
    >
      <path
        d="M25.5 18.85C25.5 9.426 43 1.347 50 1.347V0H0v1.347c7 0 25.5 8.078 25.5 17.504Z"
        fill="currentColor"
      />
    </svg>
    <div
      class="sc-dcJsrY iRGbmP"
    >
      <h1
        class="sc-iGgWBj kQZXpi"
      >
        Pronto para Cortar
      </h1>
      <div
        class="sc-gsFSXq evpMUy"
      >
        <h2
          class="sc-kAyceB hVquxg"
        >
          Principais Servi√ßos
          <div
            aria-label="LineTitle"
            class="sc-imWYAI eAvyaI"
          />
        </h2>
      </div>
      <p
        class="sc-jXbUNg evJRVb"
        color="white"
        data-testid="description"
      />
      <div
        class="sc-dAlyuH fYEygw"
      />
    </div>
    <div
      class="sc-aXZVg kYGzUy"
    >
      <div
        class="sc-dcJsrY sc-jEACwC iRGbmP iIWnvB"
      >
        <div
          data-testid="Service Box"
        />
        <div
          data-testid="Service Box"
        />
        <div
          data-testid="Service Box"
        />
      </div>
    </div>
    <div
      class="sc-aXZVg iYfkmV"
    >
      <section
        class="sc-jlZhew cBBMnO"
      >
        <div
          class="slick-slider slick-initialized"
          dir="ltr"
        >
          <div
            class="slick-list"
          >
            <div
              class="slick-track"
              style="opacity: 1; -webkit-transform: translate3d(0px, 0px, 0px); transform: translate3d(0px, 0px, 0px);"
            >
              <div
                aria-hidden="false"
                class="slick-slide slick-active slick-current"
                data-index="0"
                style="outline: none; width: 0px;"
                tabindex="-1"
              >
                <div>
                  <div
                    data-testid="Service Box"
                  />
                </div>
              </div>
              <div
                aria-hidden="false"
                class="slick-slide slick-active"
                data-index="1"
                style="outline: none; width: 0px;"
                tabindex="-1"
              >
                <div>
                  <div
                    data-testid="Service Box"
                  />
                </div>
              </div>
              <div
                aria-hidden="true"
                class="slick-slide"
                data-index="2"
                style="outline: none; width: 0px;"
                tabindex="-1"
              >
                <div>
                  <div
                    data-testid="Service Box"
                  />
                </div>
              </div>
            </div>
          </div>
        </div>
      </section>
    </div>
    <svg
      class="sc-fqkvVR hoYvHk"
      viewBox="0 0 50 19"
      xmlns="http://www.w3.org/2000/svg"
    >
      <path
        d="M24.5 0C24.5 9.425 7 17.504 0 17.504v1.347h50v-1.347c-7 0-25.5-8.079-25.5-17.504Z"
        fill="currentColor"
      />
    </svg>
  </div>
</div>
`;
