// Jest Snapshot v1, https://goo.gl/fbAQLP

exports[`<InputRadio /> Deve renderizar o componente <InputRadio /> 1`] = `
<div
  class="sc-aXZVg fjcDyG"
>
  <input
    checked=""
    class="sc-eqUAAy dAZNkW"
    id="level"
    name="level"
    required=""
    type="radio"
    value="1"
  />
  <label
    class="sc-gEvEer emKTgm"
    color="primary"
    data-testid="label-star"
    for="level"
  >
    <svg
      aria-hidden="true"
      aria-label="Star"
      focusable="false"
      viewBox="0 0 194.22 184.73"
      xmlns="http://www.w3.org/2000/svg"
    >
      <path
        d="m157.096 184.718-60.01-31.565-60.025 31.542 11.476-66.828-48.546-47.34 67.103-9.737L97.115-.008l29.997 60.811 67.099 9.764-48.564 47.319z"
        fill="currentColor"
      />
    </svg>
  </label>
</div>
`;
