// Jest Snapshot v1, https://goo.gl/fbAQLP

exports[`<Footer /> Deve renderizar o componente <Footer /> 1`] = `
<footer
  class="sc-gEvEer cnkTNS"
>
  <div
    class="sc-aXZVg hjKmmE"
  >
    <div
      class="sc-eqUAAy ecjYKz"
    >
      <div
        class="sc-jEACwC dZA-DLE"
        color="white"
      >
        <svg
          aria-label="98Barbershop"
          role="img"
          viewBox="0 0 168.27 141.21"
          xmlns="http://www.w3.org/2000/svg"
        >
          <g>
            <path
              d="M43.89 5H80.7c2.59 0 9.4 0 9.4 7.62 0 1.14 0 2.27-24.64 117.24-2.46 11.35-10.71 11.35-13.62 11.35H6.76A2.57 2.57 0 0 1 4 138.78c0-.16.16-.49 3.24-15.24a4.15 4.15 0 0 1 3.89-3.25h30.65l5-23.83H24.59c-2.59 0-9.4 0-9.4-7.63 0-1.13.16-2.27 14.92-72.48C32.54 5 41 5 43.89 5Zm10.22 20.92L43.4 75.7h7.79l10.7-49.78ZM158.86 5c2.6 0 9.41 0 9.41 7.62 0 1.14-.17 2.27-9.9 48.32-2.43 11.35-10.54 11.35-13.45 11.35l-.17.82c2.6 0 9.08 0 9.08 7.45 0 1.14-.16 2.44-10.05 49.3-2.43 11.35-10.86 11.35-13.78 11.35H92.7c-2.59 0-9.57 0-9.57-7.62 0-1.14.17-2.27 10.22-49.13 2.43-11.35 10.54-11.35 13.46-11.35l.16-.82c-2.59 0-9.08 0-9.08-7.45 0-1.14.16-2.44 9.89-48.49C110.21 5 118.65 5 121.57 5Zm-47.35 115.29h7.78l7.79-36.81h-7.79Zm12.16-57.56h7.79l7.94-36.81h-7.78Z"
              fill="currentColor"
            />
          </g>
          <g>
            <path
              d="M40.89 1H77.7c2.59 0 9.4 0 9.4 7.62 0 1.14 0 2.27-24.64 117.24-2.46 11.35-10.71 11.35-13.62 11.35H3.76A2.57 2.57 0 0 1 1 134.78c0-.16.16-.49 3.24-15.24a4.15 4.15 0 0 1 3.89-3.25h30.65l5-23.83H21.59c-2.59 0-9.4 0-9.4-7.63 0-1.13.16-2.27 14.92-72.48C29.54 1 38 1 40.89 1Zm10.22 20.92L40.4 71.7h7.79l10.7-49.78ZM155.86 1c2.6 0 9.41 0 9.41 7.62 0 1.14-.17 2.27-9.9 48.32-2.43 11.35-10.54 11.35-13.45 11.35l-.17.82c2.6 0 9.08 0 9.08 7.45 0 1.14-.16 2.44-10.05 49.3-2.43 11.35-10.86 11.35-13.78 11.35H89.7c-2.59 0-9.57 0-9.57-7.62 0-1.14.17-2.27 10.22-49.13 2.43-11.35 10.54-11.35 13.46-11.35l.16-.82c-2.59 0-9.08 0-9.08-7.45 0-1.14.16-2.44 9.89-48.49C107.21 1 115.65 1 118.57 1Zm-47.35 115.29h7.78l7.79-36.81h-7.79Zm12.16-57.56h7.79l7.94-36.81h-7.78Z"
              fill="none"
              stroke="#1affea"
              stroke-width="2px"
            />
          </g>
        </svg>
      </div>
      <p
        class="sc-gsFSXq lcWszn"
      >
        A 98 BarberShop é um espaço de serviços masculinos que combina valores tradicionais com estilo moderno. Uma barbearia contemporânea com uma atmosfera informal e alegre.
      </p>
    </div>
    <div
      class="sc-fqkvVR jWkyYv"
    >
      <h3
        class="sc-kpDqfm gbdtVi"
      >
        Siga-nos
      </h3>
      <div
        class="sc-dhKdcB kSWZss"
      >
        <div
          class="sc-dAlyuH bVDVBz"
        >
          <a
            class="sc-jlZhew fGQpzQ"
            href="https://www.instagram.com/98barbershop/"
            rel="noreferrer noopener"
            target="_blank"
          >
            <img
              alt="Link que leva para a página no instagram"
              class="sc-cwHptR kvXhJl"
              src="/assets/svg/instagram-icon.svg"
            />
          </a>
        </div>
        <div
          class="sc-dAlyuH elFOdJ"
        >
          <a
            class="sc-jlZhew fGQpzQ"
            href="tel:+5511986548715"
            rel="noreferrer noopener"
            target="_blank"
          >
            <img
              alt="Link que mostra número do Whatsapp"
              class="sc-cwHptR kvXhJl"
              src="/assets/svg/whatsapp-icon.svg"
            />
          </a>
        </div>
      </div>
    </div>
    <div
      class="sc-jXbUNg gFDaxJ"
    >
      <h3
        class="sc-kpDqfm gbdtVi"
      >
        Institucional
      </h3>
      <a
        href="/#"
      >
        Termos de Uso
      </a>
      <a
        href="/#"
      >
        Política de Privacidade
      </a>
    </div>
  </div>
  <div
    class="sc-dcJsrY kxVxlg"
  >
    <svg
      class="sc-iGgWBj eXHEzX"
      viewBox="0 0 101 24"
      xmlns="http://www.w3.org/2000/svg"
    >
      <path
        d="M50.49 0C40.096 0 8.415 23.94 0 23.94h100.486C92.566 23.94 60.886 0 50.49 0Z"
        fill="currentColor"
      />
    </svg>
    <a
      class="sc-kAyceB eWbysA"
    >
      <svg
        aria-hidden="true"
        class="StyledIconBase-ea9ulj-0 LRkVW sc-imWYAI MGLdK"
        fill="currentColor"
        focusable="false"
        height="25"
        viewBox="0 0 16 16"
        width="25"
        xmlns="http://www.w3.org/2000/svg"
      >
        <path
          d="M8 15a.5.5 0 0 0 .5-.5V2.707l3.146 3.147a.5.5 0 0 0 .708-.708l-4-4a.5.5 0 0 0-.708 0l-4 4a.5.5 0 1 0 .708.708L7.5 2.707V14.5a.5.5 0 0 0 .5.5z"
          fill-rule="evenodd"
        />
      </svg>
    </a>
    <p
      class="sc-gsFSXq bYjMZH"
    >
      Rua Caminho Encanto 334 - Guarulhos - SP
    </p>
    <p
      class="sc-gsFSXq bYjMZH"
    >
      Copyright ©2021 
      <span>
        98Barbershop
      </span>
      . Todos os direitos reservados
    </p>
  </div>
</footer>
`;
