// Jest Snapshot v1, https://goo.gl/fbAQLP

exports[`<Background /> Deve renderizar o componente <Background /> 1`] = `
<div
  aria-label="Background"
  class="sc-aXZVg cANkMz"
  src="/assets/img/slide-1.jpg"
>
  <svg
    class="sc-gEvEer kSWpIQ"
    viewBox="0 0 50 19"
    xmlns="http://www.w3.org/2000/svg"
  >
    <path
      d="M25.5 18.85C25.5 9.426 43 1.347 50 1.347V0H0v1.347c7 0 25.5 8.078 25.5 17.504Z"
      fill="currentColor"
    />
  </svg>
  <h1>
    Background
  </h1>
  <svg
    class="sc-eqUAAy eXxkYW"
    viewBox="0 0 50 19"
    xmlns="http://www.w3.org/2000/svg"
  >
    <path
      d="M24.5 0C24.5 9.425 7 17.504 0 17.504v1.347h50v-1.347c-7 0-25.5-8.079-25.5-17.504Z"
      fill="currentColor"
    />
  </svg>
</div>
`;
